╭───────────────────── Traceback (most recent call last) ──────────────────────╮
│ /opt/manabot/repo/manabot/cli.py:66 in train_command                         │
│                                                                              │
│    63 │   │                                                                  │
│    64 │   │   recipe = TrainingRegime.model_validate_json(Path(regime).read_ │
│    65 │   │   with VerifyStore(Path(out).parent / "training.sqlite") as stor │
│ ❱  66 │   │   │   execute_regime(                                            │
│    67 │   │   │   │   recipe,                                                │
│    68 │   │   │   │   197 if seed is None else seed,                         │
│    69 │   │   │   │   out,                                                   │
│                                                                              │
│ /opt/manabot/repo/manabot/training/execution.py:204 in execute_regime        │
│                                                                              │
│    201 │   │   │   │   # Preserve the old run.json and snapshots. The canoni │
│    202 │   │   │   │   # explains settlement, including the explicitly estim │
│    203 │   │   │   │   store.save_training_run(settled)                      │
│ ❱  204 │   │   return _execute_regime(                                       │
│    205 │   │   │   regime,                                                   │
│    206 │   │   │   seed,                                                     │
│    207 │   │   │   destination,                                              │
│                                                                              │
│ /opt/manabot/repo/manabot/training/execution.py:1070 in _execute_regime      │
│                                                                              │
│   1067 │   │   │   │   │   check()                                           │
│   1068 │   │   │   │   │   phase = "learning_seconds"                        │
│   1069 │   │   │   │   │   tick = time.perf_counter()                        │
│ ❱ 1070 │   │   │   │   │   diagnostic = update_iteration(                    │
│   1071 │   │   │   │   │   │   trainer,                                      │
│   1072 │   │   │   │   │   │   batch,                                        │
│   1073 │   │   │   │   │   │   stage.learning,                               │
│                                                                              │
│ /opt/manabot/repo/manabot/training/objectives.py:51 in update_iteration      │
│                                                                              │
│    48 ) -> UpdateDiagnostics:                                                │
│    49 │   """Optimize one fresh collector batch on the existing trainer and  │
│    50 │   if isinstance(learning, AtaraxosMoveLearning):                     │
│ ❱  51 │   │   return update_move_iteration(                                  │
│    52 │   │   │   trainer, batch, learning, iteration, bootstrap_agent=boots │
│    53 │   │   )                                                              │
│    54                                                                        │
│                                                                              │
│ /opt/manabot/repo/manabot/training/ataraxos.py:237 in update_move_iteration  │
│                                                                              │
│   234 │   behavior = torch.as_tensor(batch.probabilities, device=device)     │
│   235 │   old_logs = torch.as_tensor(batch.logprobs, device=device)          │
│   236 │   valid = observations["actions_valid"] > 0                          │
│ ❱ 237 │   _check_distribution(behavior, valid)                               │
│   238 │   sampled = behavior.gather(-1, actions[..., None]).squeeze(-1)      │
│   239 │   if (sampled <= 0).any() or not torch.allclose(                     │
│   240 │   │   sampled.log(), old_logs, atol=1e-5, rtol=1e-5                  │
│                                                                              │
│ /opt/manabot/repo/manabot/training/ataraxos.py:44 in _check_distribution     │
│                                                                              │
│    41 │   │   │   rtol=1e-5,                                                 │
│    42 │   │   )                                                              │
│    43 │   ):                                                                 │
│ ❱  44 │   │   raise ValueError("distribution must normalize with positive le │
│    45                                                                        │
│    46                                                                        │
│    47 def damped_policy_loss(                                                │
╰──────────────────────────────────────────────────────────────────────────────╯
ValueError: distribution must normalize with positive legal support
