{"event": "submit", "at": 1791395816.1970408, "job": "etu103-four-hour-10351-0", "seed": 10351, "capacity": "cuda-four-hour-w64-d2"}
{"event": "submit_returned", "at": 1791395817.625269, "job": "etu103-four-hour-10351-0", "code": 2}
Traceback (most recent call last):
  File "/Users/jack/src/etude.compare-model-capacity-for-early/.runs/etu103-four-hour-20261007/controller.py", line 258, in <module>
    main()
  File "/Users/jack/src/etude.compare-model-capacity-for-early/.runs/etu103-four-hour-20261007/controller.py", line 172, in main
    spec = load_job(job_id)
           ^^^^^^^^^^^^^^^^
  File "/Users/jack/src/etude.compare-model-capacity-for-early/manabot/remote/job_client.py", line 272, in load_job
    raise ValueError("remote job ID is unknown")
ValueError: remote job ID is unknown
{"event": "submit", "at": 1791395916.450449, "job": "etu103-four-hour-10351-0", "seed": 10351, "capacity": "cuda-four-hour-w64-d2"}
{"event": "submit_returned", "at": 1791396122.9476779, "job": "etu103-four-hour-10351-0", "code": 0}
{"event": "status", "at": 1791396125.2136052, "job": "etu103-four-hour-10351-0", "phase": "running", "updates": 0, "evaluations": 0, "generation": 0, "provider": "present"}
{"event": "status", "at": 1791396156.880905, "job": "etu103-four-hour-10351-0", "phase": "running", "updates": 0, "evaluations": 0, "generation": 1, "provider": "present"}
{"event": "verified_generation", "at": 1791396160.3379269, "job": "etu103-four-hour-10351-0", "path": "/Users/jack/src/etude.compare-model-capacity-for-early/.runs/etu103-four-hour-20261007/etu103-four-hour-10351-0/returned/generation-000001"}
{"event": "status", "at": 1791396191.823317, "job": "etu103-four-hour-10351-0", "phase": "running", "updates": 0, "evaluations": 0, "generation": 2, "provider": "present"}
{"event": "status", "at": 1791396223.840354, "job": "etu103-four-hour-10351-0", "phase": "running", "updates": 0, "evaluations": 0, "generation": 3, "provider": "present"}
{"event": "status", "at": 1791396255.1800199, "job": "etu103-four-hour-10351-0", "phase": "running", "updates": 0, "evaluations": 0, "generation": 3, "provider": "present"}
{"event": "status", "at": 1791396286.334444, "job": "etu103-four-hour-10351-0", "phase": "running", "updates": 0, "evaluations": 0, "generation": 4, "provider": "present"}
{"event": "status", "at": 1791396317.5202932, "job": "etu103-four-hour-10351-0", "phase": "running", "updates": 0, "evaluations": 0, "generation": 5, "provider": "present"}
{"event": "status", "at": 1791396348.9292622, "job": "etu103-four-hour-10351-0", "phase": "running", "updates": 0, "evaluations": 0, "generation": 5, "provider": "present"}
{"event": "status", "at": 1791396380.13789, "job": "etu103-four-hour-10351-0", "phase": "running", "updates": 0, "evaluations": 0, "generation": 6, "provider": "present"}
{"event": "status", "at": 1791396411.583348, "job": "etu103-four-hour-10351-0", "phase": "running", "updates": 0, "evaluations": 0, "generation": 7, "provider": "present"}
{"event": "status", "at": 1791396442.962782, "job": "etu103-four-hour-10351-0", "phase": "running", "updates": 0, "evaluations": 0, "generation": 8, "provider": "present"}
{"event": "status", "at": 1791396474.239549, "job": "etu103-four-hour-10351-0", "phase": "running", "updates": 0, "evaluations": 0, "generation": 8, "provider": "present"}
{"event": "status", "at": 1791396505.440182, "job": "etu103-four-hour-10351-0", "phase": "running", "updates": 0, "evaluations": 0, "generation": 9, "provider": "present"}
{"event": "status", "at": 1791396537.1467469, "job": "etu103-four-hour-10351-0", "phase": "running", "updates": 0, "evaluations": 1, "generation": 10, "provider": "present"}
{"event": "verified_generation", "at": 1791396547.0881438, "job": "etu103-four-hour-10351-0", "path": "/Users/jack/src/etude.compare-model-capacity-for-early/.runs/etu103-four-hour-20261007/etu103-four-hour-10351-0/returned/generation-000010"}
{"event": "status", "at": 1791396578.554529, "job": "etu103-four-hour-10351-0", "phase": "running", "updates": 0, "evaluations": 1, "generation": 10, "provider": "present"}
{"event": "status", "at": 1791396609.768147, "job": "etu103-four-hour-10351-0", "phase": "running", "updates": 0, "evaluations": 1, "generation": 10, "provider": "present"}
{"event": "status", "at": 1791396641.040777, "job": "etu103-four-hour-10351-0", "phase": "running", "updates": 0, "evaluations": 1, "generation": 10, "provider": "present"}
{"event": "status", "at": 1791396672.352292, "job": "etu103-four-hour-10351-0", "phase": "running", "updates": 32, "evaluations": 1, "generation": 11, "provider": "present"}
{"event": "status", "at": 1791396703.49833, "job": "etu103-four-hour-10351-0", "phase": "running", "updates": 40, "evaluations": 1, "generation": 11, "provider": "present"}
{"event": "status", "at": 1791396734.8288572, "job": "etu103-four-hour-10351-0", "phase": "running", "updates": 40, "evaluations": 1, "generation": 11, "provider": "present"}
{"event": "status", "at": 1791396766.198085, "job": "etu103-four-hour-10351-0", "phase": "running", "updates": 40, "evaluations": 1, "generation": 11, "provider": "present"}
{"event": "status", "at": 1791396797.4519649, "job": "etu103-four-hour-10351-0", "phase": "running", "updates": 220, "evaluations": 1, "generation": 12, "provider": "present"}
{"event": "status", "at": 1791396828.8032022, "job": "etu103-four-hour-10351-0", "phase": "running", "updates": 220, "evaluations": 1, "generation": 12, "provider": "present"}
{"event": "status", "at": 1791396860.191991, "job": "etu103-four-hour-10351-0", "phase": "running", "updates": 220, "evaluations": 1, "generation": 12, "provider": "present"}
{"event": "status", "at": 1791396891.5103638, "job": "etu103-four-hour-10351-0", "phase": "running", "updates": 220, "evaluations": 1, "generation": 12, "provider": "present"}
{"event": "status", "at": 1791396922.792386, "job": "etu103-four-hour-10351-0", "phase": "running", "updates": 418, "evaluations": 1, "generation": 13, "provider": "present"}
{"event": "status", "at": 1791396954.0921369, "job": "etu103-four-hour-10351-0", "phase": "running", "updates": 418, "evaluations": 1, "generation": 13, "provider": "present"}
{"event": "status", "at": 1791396985.408368, "job": "etu103-four-hour-10351-0", "phase": "running", "updates": 418, "evaluations": 1, "generation": 13, "provider": "present"}
{"event": "status", "at": 1791397017.003177, "job": "etu103-four-hour-10351-0", "phase": "running", "updates": 423, "evaluations": 1, "generation": 14, "provider": "present"}
{"event": "status", "at": 1791397048.458136, "job": "etu103-four-hour-10351-0", "phase": "running", "updates": 611, "evaluations": 1, "generation": 14, "provider": "present"}
{"event": "status", "at": 1791397079.999522, "job": "etu103-four-hour-10351-0", "phase": "running", "updates": 611, "evaluations": 1, "generation": 14, "provider": "present"}
{"event": "status", "at": 1791397111.430368, "job": "etu103-four-hour-10351-0", "phase": "running", "updates": 611, "evaluations": 1, "generation": 14, "provider": "present"}
{"event": "status", "at": 1791397142.8839538, "job": "etu103-four-hour-10351-0", "phase": "running", "updates": 614, "evaluations": 1, "generation": 15, "provider": "present"}
{"event": "status", "at": 1791397174.3390982, "job": "etu103-four-hour-10351-0", "phase": "running", "updates": 798, "evaluations": 1, "generation": 15, "provider": "present"}
{"event": "status", "at": 1791397206.265871, "job": "etu103-four-hour-10351-0", "phase": "running", "updates": 798, "evaluations": 1, "generation": 15, "provider": "present"}
{"event": "status", "at": 1791397237.622032, "job": "etu103-four-hour-10351-0", "phase": "running", "updates": 798, "evaluations": 1, "generation": 15, "provider": "present"}
{"event": "status", "at": 1791397269.054955, "job": "etu103-four-hour-10351-0", "phase": "running", "updates": 803, "evaluations": 1, "generation": 16, "provider": "present"}
